// Jest Snapshot v1, https://goo.gl/fbAQLP

exports[`apply-translations should return translated keys 1`] = `
Object {
  "defaults": "default value",
  "missingKey": "missing-key2",
  "parametrizedKey": "env: dev",
  "staticKey": "translated static key",
  "templateKey": "5 ночей",
}
`;
