// Jest Snapshot v1, https://goo.gl/fbAQLP

exports[`options.functionName the object notation should return translated keys 1`] = `
Object {
  "key": "translated key",
}
`;

exports[`options.functionName the string notation should return translated keys 1`] = `
Object {
  "key": "translated key",
}
`;
